>>> print_square = __import__('4-print_square').print_square

>>> print_square(2)
##
##

>>> print_square(0)

>>> print_square(15)
###############
###############
###############
###############
###############
###############
###############
###############
###############
###############
###############
###############
###############
###############
###############

>>> print_square(2.5)
Traceback (most recent call last):
TypeError: size must be an integer

>>> print_square("2")
Traceback (most recent call last):
TypeError: size must be an integer

>>> print_square([2])
Traceback (most recent call last):
TypeError: size must be an integer

>>> print_square(-2)
Traceback (most recent call last):
ValueError: size must be >= 0

>>> print_square(0)

>>> print_square(2, 3)
Traceback (most recent call last):
TypeError: print_square() takes 1 positional argument but 2 were given

>>> print_square()
Traceback (most recent call last):
TypeError: print_square() missing 1 required positional argument: 'size'

>>> print_square(int("2"))
##
##

>>> print_square(int(c))
Traceback (most recent call last):
NameError: name 'c' is not defined

>>> print_square(int("c"))
Traceback (most recent call last):
ValueError: invalid literal for int() with base 10: 'c'
